2026-07-30 08:00:01 [INFO] System boot sequence initiated successfully.
2026-07-30 08:00:05 [INFO] Loading core modules and configurations.
2026-07-30 08:00:10 [ERROR] Failed to bind port 8080: Address already in use.
2026-07-30 08:00:11 [INFO] Retrying network binding on alternate port 9000.
2026-07-30 08:00:12 [INFO] Successfully bound to port 9000.
2026-07-30 08:00:15 [WARNING] Deprecated API call detected in module auth_v1.
2026-07-30 08:00:20 [INFO] Establishing connection to primary database cluster.
2026-07-30 08:00:22 [ERROR] Database timeout occurred during handshake phase.
2026-07-30 08:00:25 [INFO] Attempting failover to secondary database node.
2026-07-30 08:00:28 [INFO] Failover successful; secondary node active.
2026-07-30 08:00:30 [INFO] Loading user session management tables.
2026-07-30 08:00:35 [ERROR] Corrupted cache index found at sector 0x4F2A.
2026-07-30 08:00:36 [INFO] Purging corrupted cache sector and rebuilding.
2026-07-30 08:00:40 [INFO] Cache rebuild complete. Memory footprint stable.
2026-07-30 08:00:45 [ERROR] Unauthorized access attempt blocked from IP 101.16.1.105.
2026-07-30 08:00:50 [INFO] Background worker threads spawned: 4 active.
2026-07-30 08:00:55 [WARNING] High memory usage detected in worker thread 2 (85%).
2026-07-30 08:01:00 [INFO] Scheduled health check routine started.
2026-07-30 08:01:02 [ERROR] Health check failed for storage subsystem volume /mnt/data.
2026-07-30 08:01:05 [INFO] Remounting volume /mnt/data in read-only safety mode.
2026-07-30 08:01:10 [INFO] Volume remounted safely. Alert dispatched to admin.
2026-07-30 08:01:15 [INFO] Processing incoming transaction queue.
2026-07-30 08:01:20 [ERROR] Null pointer exception in payment processor plugin.
2026-07-30 08:01:21 [INFO] Restarting payment processor plugin service.
2026-07-30 08:01:25 [INFO] Service restarted and running normally.
2026-07-30 08:01:30 [INFO] Syncing external telemetry data streams.
2026-07-30 08:01:35 [ERROR] SSL certificate verification failed for api.telemetry.internal.
2026-07-30 08:01:36 [INFO] Bypassing non-critical telemetry sync until cert renewal.
2026-07-30 08:01:40 [INFO] System operating in degraded stability mode.
2026-07-30 08:01:45 [ERROR] Out of memory exception imminent on main event loop